// Jest Snapshot v1, https://goo.gl/fbAQLP

exports[`BrokerDetails portfolioTable should show accumulated values with wealth tax 1`] = `
Array [
  28000,
  46000,
  63917.6268,
  81729.82986743416,
  99437.22949446016,
  116899.736087601,
  134118.5865799971,
  151097.18072958774,
  167838.8708571497,
  184346.9625081928,
  200624.71510561975,
  216675.34259327952,
  232502.01407054122,
  248107.85441801354,
  263495.9449145335,
  278669.3238455465,
  293630.9871029972,
  308383.88877685036,
  322930.9417383581,
  337275.01821518864,
  337275.01821518864,
]
`;

exports[`BrokerDetails portfolioTable should show accumulated values with wealth tax for a couple 1`] = `
Array [
  28000,
  46000,
  64000,
  82000,
  100000,
  117894.0916,
  135682.8979438439,
  153367.03850892192,
  170947.12912774313,
  188423.7820093813,
  205745.7703366262,
  222826.06322854225,
  239668.03308570807,
  256275.00525325988,
  272650.25867746066,
  288797.0265531082,
  304718.49696191,
  320417.81350195076,
  335898.0759083767,
  351162.3406654195,
  351162.3406654195,
]
`;

exports[`BrokerDetails portfolioTable should show accumulated values without any fees 1`] = `
Array [
  28000,
  46000,
  64000,
  82000,
  100000,
  118000,
  136000,
  154000,
  172000,
  190000,
  208000,
  226000,
  244000,
  262000,
  280000,
  298000,
  316000,
  334000,
  352000,
  370000,
  370000,
]
`;
